// Vitest Snapshot v1, https://vitest.dev/guide/snapshot.html

exports[`Login snapshots > should correct render 1`] = `
<form
  autocomplete="off"
  class="relative flex flex-col justify-around items-center peer"
  data-testid="login form"
  novalidate=""
>
  <div>
    <label
      for="email"
    >
      Email
    </label>
    <input
      autocomplete="off"
      class="invalid:border-red-500! peer"
      data-testid="email"
      id="email"
      label="Email"
      message="Invalid Email"
      name="email"
      pattern="[a-z0-9._%+-]+@[a-z0-9.-]+\\.[a-z]{2,}$"
      placeholder="Enter your Email"
      required=""
      type="email"
    />
    <p
      class="invisible text-red-500 text-sm peer-focus:invisible peer-invalid:visible transition delay-300 duration-3"
    >
      Invalid Email
    </p>
  </div>
  <div
    class="relative"
  >
    <label
      for="password"
    >
      Password
    </label>
    <input
      class="invalid:border-red-500! peer"
      data-testid="password"
      id="password"
      label="Password"
      message="Short password"
      minlength="8"
      name="password"
      pattern=".{8,}"
      placeholder="Enter your password"
      required=""
      type="password"
    />
    <p
      class="invisible text-red-500 text-sm peer-focus:invisible peer-invalid:visible transition delay-300 duration-3"
    >
      Short password
    </p>
    <span
      class="absolute right-2 top-8 cursor-pointer"
      data-testid="toogle"
    >
      <svg
        data-testid="lueye"
        fill="none"
        height="1em"
        stroke="currentColor"
        stroke-linecap="round"
        stroke-linejoin="round"
        stroke-width="2"
        viewBox="0 0 24 24"
        width="1em"
        xmlns="http://www.w3.org/2000/svg"
      >
        <path
          d="M2.062 12.348a1 1 0 0 1 0-.696 10.75 10.75 0 0 1 19.876 0 1 1 0 0 1 0 .696 10.75 10.75 0 0 1-19.876 0"
        />
        <circle
          cx="12"
          cy="12"
          r="3"
        />
      </svg>
    </span>
  </div>
  <button
    data-testid="submit"
    disabled=""
    type="submit"
  >
    LogIn
  </button>
</form>
`;
